[24Sept2026 21:48:28.086] [main/INFO] [net.neoforged.fml.startup.Entrypoint/]: JVM Uptime at startup: 183ms
[24Sept2026 21:48:28.099] [main/INFO] [net.neoforged.fml.loading.FMLLoader/]: Starting FancyModLoader version 11.0.5 (CLIENT in DEV)
[24Sept2026 21:48:28.099] [main/INFO] [net.neoforged.fml.loading.FMLLoader/]: Game directory: D:\vscode\day-counter\day-counter-26.1.1-neoforge\runs\client
[24Sept2026 21:48:28.148] [main/INFO] [net.neoforged.fml.loading.EarlyServiceDiscovery/]: Found 2 early service jars (out of 111) in 25ms
[24Sept2026 21:48:28.149] [main/INFO] [net.neoforged.fml.loading.FMLLoader/]: Loading FML Early Services:
[24Sept2026 21:48:28.149] [main/INFO] [net.neoforged.fml.loading.FMLLoader/]:  - C:/Users/Tim Wolf/.gradle/caches/modules-2/files-2.1/net.neoforged.fancymodloader/earlydisplay/11.0.5/b2edeab4008c91772d61f8f98a5253a09a4e890d/earlydisplay-11.0.5.jar
[24Sept2026 21:48:28.150] [main/INFO] [net.neoforged.fml.loading.FMLLoader/]:  - C:/Users/Tim Wolf/.gradle/caches/modules-2/files-2.1/net.neoforged.fancymodloader/loader/11.0.5/3477e70d79fe8cd06962749f24e64f01edda3bb3/loader-11.0.5.jar
[24Sept2026 21:48:28.155] [main/INFO] [net.neoforged.fml.loading.ImmediateWindowHandler/]: Loading ImmediateWindowProvider fmlearlywindow
[24Sept2026 21:48:29.040] [ForkJoinPool.commonPool-worker-4/INFO] [net.neoforged.fml.loading.moddiscovery.locators.GameLocator/]: Detected a joined NeoForge and Minecraft configuration. Applying filtering...
[24Sept2026 21:48:29.144] [ForkJoinPool.commonPool-worker-4/INFO] [net.neoforged.fml.loading.moddiscovery.locators.InDevFolderLocator/CORE]: Got mod coordinates day-counter%%D:\vscode\day-counter\day-counter-26.1.1-neoforge\build\resources\main;day-counter%%D:\vscode\day-counter\day-counter-26.1.1-neoforge\build\classes\java\main from env
[24Sept2026 21:48:29.189] [fml-loadingscreen/INFO] [net.neoforged.fml.earlydisplay.render.LoadingScreenRenderer/]: GL info: NVIDIA GeForce RTX 2070 SUPER/PCIe/SSE2 GL version 3.3.0 NVIDIA 610.88, NVIDIA Corporation
[24Sept2026 21:48:29.380] [ForkJoinPool.commonPool-worker-4/WARN] [net.neoforged.jarjar.selection.JarSelector/]: Attempted to select a dependency jar for JarJar which was passed in as source: library:mixinextras.neoforge. Using jar(C:/Users/Tim Wolf/.gradle/caches/modules-2/files-2.1/io.github.llamalad7/mixinextras-neoforge/0.5.3/a0919957808de97707c5fb4ce073e66aeef3e187/mixinextras-neoforge-0.5.3.jar)
[24Sept2026 21:48:29.380] [ForkJoinPool.commonPool-worker-4/INFO] [net.neoforged.fml.loading.moddiscovery.locators.JarInJarDependencyLocator/]: Found 1 dependencies adding them to mods collection
[24Sept2026 21:48:29.382] [ForkJoinPool.commonPool-worker-4/INFO] [net.neoforged.fml.loading.moddiscovery.ModDiscoverer/]: 
     Mod List:
		Name Version (Mod Id)

		Day Counter 1.0.1+26.1.1 (day_counter)
		Minecraft 26.1.1 (minecraft)
		NeoForge 26.1.1.15-beta (neoforge)
[24Sept2026 21:48:29.623] [main/INFO] [mixin/]: SpongePowered MIXIN Subsystem Version=0.8.7 Source=file:/C:/Users/Tim%20Wolf/.gradle/caches/modules-2/files-2.1/net.fabricmc/sponge-mixin/0.17.0+mixin.0.8.7/cf31463202f72d03b0ef1e1e38e8ee71b7faaab6/sponge-mixin-0.17.0+mixin.0.8.7.jar Service=FML Env=CLIENT
[24Sept2026 21:48:29.649] [main/INFO] [net.neoforged.fml.loading.FMLLoader/]: Loading FML Plugins:
[24Sept2026 21:48:29.650] [main/INFO] [net.neoforged.fml.loading.FMLLoader/]:  - C:/Users/Tim Wolf/.gradle/caches/modules-2/files-2.1/net.neoforged/neoforge/26.1.1.15-beta/323b8c91d3007b84edac8ff1d71662c2daded399/neoforge-26.1.1.15-beta-universal.jar > net.neoforged.neoforge-coremods-26.1.1.15-beta.jar
[24Sept2026 21:48:29.755] [main/INFO] [net.neoforged.fml.loading.FMLLoader/]: Building game content classloader:
 - day_counter (composite(folder(D:/vscode/day-counter/day-counter-26.1.1-neoforge/build/resources/main), folder(D:/vscode/day-counter/day-counter-26.1.1-neoforge/build/classes/java/main)))
 - minecraft (composite(filtered(jar(D:/vscode/day-counter/day-counter-26.1.1-neoforge/.gradle/repositories/ng_dummy_ng/net/neoforged/neoforge/26.1.1.15-beta/neoforge-26.1.1.15-beta.jar)), filtered(jar(D:/vscode/day-counter/day-counter-26.1.1-neoforge/.gradle/repositories/ng_dummy_ng/net/neoforged/neoforge/26.1.1.15-beta/neoforge-26.1.1.15-beta.jar))))
 - mixinextras.neoforge (jar(C:/Users/Tim Wolf/.gradle/caches/modules-2/files-2.1/io.github.llamalad7/mixinextras-neoforge/0.5.3/a0919957808de97707c5fb4ce073e66aeef3e187/mixinextras-neoforge-0.5.3.jar))
 - neoforge (composite(filtered(jar(C:/Users/Tim Wolf/.gradle/caches/modules-2/files-2.1/net.neoforged/neoforge/26.1.1.15-beta/323b8c91d3007b84edac8ff1d71662c2daded399/neoforge-26.1.1.15-beta-universal.jar))))
 - net.neoforged.fml.generated (empty(VirtualJar/net.neoforged.fml.generated))
[24Sept2026 21:48:29.769] [main/INFO] [net.neoforged.fml.loading.FMLLoader/]: Built game content classloader in 25ms
[24Sept2026 21:48:30.844] [Datafixer Bootstrap/INFO] [com.mojang.datafixers.DataFixerBuilder/]: 294 Datafixer optimizations took 273 milliseconds
[24Sept2026 21:48:30.952] [pool-8-thread-1/INFO] [MixinExtras|Service/]: Initializing MixinExtras via com.llamalad7.mixinextras.service.MixinExtrasServiceImpl(version=0.5.3).
[24Sept2026 21:48:34.577] [main/WARN] [net.minecraft.commands.Commands/]: Ambiguity between arguments [teleport, location] and [teleport, destination] with inputs: [0.1 -0.5 .9, 0 0 0]
[24Sept2026 21:48:34.579] [main/WARN] [net.minecraft.commands.Commands/]: Ambiguity between arguments [teleport, location] and [teleport, targets] with inputs: [0.1 -0.5 .9, 0 0 0]
[24Sept2026 21:48:34.581] [main/WARN] [net.minecraft.commands.Commands/]: Ambiguity between arguments [teleport, destination] and [teleport, targets] with inputs: [Player, 0123, @e, dd12be42-52a9-4a91-a8a1-11c01849e498]
[24Sept2026 21:48:34.582] [main/WARN] [net.minecraft.commands.Commands/]: Ambiguity between arguments [teleport, targets] and [teleport, destination] with inputs: [Player, 0123, dd12be42-52a9-4a91-a8a1-11c01849e498]
[24Sept2026 21:48:34.583] [main/WARN] [net.minecraft.commands.Commands/]: Ambiguity between arguments [teleport, targets, location] and [teleport, targets, destination] with inputs: [0.1 -0.5 .9, 0 0 0]
[24Sept2026 21:48:34.584] [main/WARN] [net.minecraft.commands.Commands/]: Ambiguity between arguments [time, set, time] and [time, set, timemarker] with inputs: [0, 0s, 0d, 0t]
[24Sept2026 21:48:34.585] [main/WARN] [net.minecraft.commands.Commands/]: Ambiguity between arguments [time, set, timemarker] and [time, set, time] with inputs: [012]
[24Sept2026 21:48:34.586] [main/WARN] [net.minecraft.commands.Commands/]: Ambiguity between arguments [time, of, clock, set, time] and [time, of, clock, set, timemarker] with inputs: [0, 0s, 0d, 0t]
[24Sept2026 21:48:34.586] [main/WARN] [net.minecraft.commands.Commands/]: Ambiguity between arguments [time, of, clock, set, timemarker] and [time, of, clock, set, time] with inputs: [012]
[24Sept2026 21:48:34.587] [main/WARN] [net.minecraft.commands.Commands/]: Ambiguity between arguments [waypoint, modify, waypoint, color, reset] and [waypoint, modify, waypoint, color, color] with inputs: [reset]
[24Sept2026 21:48:34.655] [modloading-worker-0/INFO] [net.neoforged.neoforge.common.NeoForgeMod/NEOFORGE-MOD]: NeoForge mod loading, version 26.1.1.15-beta, for MC 26.1.1
[24Sept2026 21:48:35.101] [Render thread/INFO] [com.mojang.authlib.yggdrasil.YggdrasilAuthenticationService/]: Environment: Environment[sessionHost=https://sessionserver.mojang.com, servicesHost=https://api.minecraftservices.com, profilesHost=https://api.mojang.com, name=PROD]
[24Sept2026 21:48:35.110] [Render thread/INFO] [net.minecraft.client.Minecraft/]: Setting user: Dev
[24Sept2026 21:48:35.180] [Render thread/INFO] [net.minecraft.client.Minecraft/]: Backend library: LWJGL version 3.4.1+2
[24Sept2026 21:48:35.380] [Render thread/INFO] [net.minecraft.client.Minecraft/]: Using optional rendering extensions: GL_ARB_buffer_storage, GL_KHR_debug, GL_ARB_vertex_attrib_binding, GL_ARB_direct_state_access, GL_EXT_texture_filter_anisotropic
[24Sept2026 21:48:36.072] [Render thread/INFO] [net.minecraft.server.packs.resources.ReloadableResourceManager/]: Reloading ResourceManager: vanilla, mod_resources, mod/day_counter, mod/neoforge
[24Sept2026 21:48:36.143] [resourceLoad/INFO] [net.minecraft.client.gui.font.providers.UnihexProvider/]: Found unifont_all_no_pua-17.0.01.hex, loading
[24Sept2026 21:48:36.143] [resourceLoad/INFO] [net.minecraft.client.gui.font.providers.UnihexProvider/]: Found unifont_pua-17.0.01.hex, loading
[24Sept2026 21:48:36.314] [resourceLoad/INFO] [net.minecraft.client.gui.font.providers.UnihexProvider/]: Found unifont_jp_patch-17.0.01.hex, loading
[24Sept2026 21:48:37.202] [Render thread/WARN] [com.mojang.blaze3d.opengl.GlProgram/]: neoforge:pipeline/item_translucent_unlit shader program does not use sampler Sampler2 defined in the pipeline. This might be a bug.
[24Sept2026 21:48:37.210] [Render thread/WARN] [com.mojang.blaze3d.opengl.GlProgram/]: neoforge:pipeline/item_cutout_unlit shader program does not use sampler Sampler2 defined in the pipeline. This might be a bug.
[24Sept2026 21:48:37.240] [Render thread/INFO] [com.mojang.blaze3d.audio.Library/]: OpenAL initialized on device OpenAL Soft on System (Elgato Virtual Audio)
[24Sept2026 21:48:37.242] [Render thread/INFO] [net.minecraft.client.sounds.SoundEngine/SOUNDS]: Sound engine started
[24Sept2026 21:48:37.243] [Render thread/INFO] [net.minecraft.client.renderer.texture.TextureAtlas/]: Created: 512x256x0 minecraft:textures/atlas/particles.png-atlas
[24Sept2026 21:48:37.257] [Render thread/INFO] [net.minecraft.client.renderer.texture.TextureAtlas/]: Created: 128x128x0 minecraft:textures/atlas/decorated_pot.png-atlas
[24Sept2026 21:48:37.259] [Render thread/INFO] [net.minecraft.client.renderer.texture.TextureAtlas/]: Created: 2048x1024x0 minecraft:textures/atlas/armor_trims.png-atlas
[24Sept2026 21:48:37.279] [Render thread/INFO] [net.minecraft.client.renderer.texture.TextureAtlas/]: Created: 512x256x0 minecraft:textures/atlas/paintings.png-atlas
[24Sept2026 21:48:37.281] [Render thread/INFO] [net.minecraft.client.renderer.texture.TextureAtlas/]: Created: 1024x512x0 minecraft:textures/atlas/shield_patterns.png-atlas
[24Sept2026 21:48:37.284] [Render thread/INFO] [net.minecraft.client.renderer.texture.TextureAtlas/]: Created: 2048x2048x4 minecraft:textures/atlas/blocks.png-atlas
[24Sept2026 21:48:37.331] [Render thread/INFO] [net.minecraft.client.renderer.texture.TextureAtlas/]: Created: 512x512x0 minecraft:textures/atlas/chest.png-atlas
[24Sept2026 21:48:37.332] [Render thread/INFO] [net.minecraft.client.renderer.texture.TextureAtlas/]: Created: 256x128x0 minecraft:textures/atlas/celestials.png-atlas
[24Sept2026 21:48:37.332] [Render thread/INFO] [net.minecraft.client.renderer.texture.TextureAtlas/]: Created: 1024x512x0 minecraft:textures/atlas/banner_patterns.png-atlas
[24Sept2026 21:48:37.335] [Render thread/INFO] [net.minecraft.client.renderer.texture.TextureAtlas/]: Created: 512x512x0 minecraft:textures/atlas/beds.png-atlas
[24Sept2026 21:48:37.336] [Render thread/INFO] [net.minecraft.client.renderer.texture.TextureAtlas/]: Created: 1024x512x0 minecraft:textures/atlas/items.png-atlas
[24Sept2026 21:48:37.350] [Render thread/INFO] [net.minecraft.client.renderer.texture.TextureAtlas/]: Created: 1024x1024x0 minecraft:textures/atlas/gui.png-atlas
[24Sept2026 21:48:37.362] [Render thread/INFO] [net.minecraft.client.renderer.texture.TextureAtlas/]: Created: 128x64x0 minecraft:textures/atlas/map_decorations.png-atlas
[24Sept2026 21:48:37.362] [Render thread/INFO] [net.minecraft.client.renderer.texture.TextureAtlas/]: Created: 512x256x0 minecraft:textures/atlas/signs.png-atlas
[24Sept2026 21:48:37.364] [Render thread/INFO] [net.minecraft.client.renderer.texture.TextureAtlas/]: Created: 512x512x0 minecraft:textures/atlas/shulker_boxes.png-atlas
[24Sept2026 21:48:37.453] [Render thread/INFO] [net.neoforged.neoforge.client.entity.animation.json.AnimationLoader/]: Loaded 0 entity animations
[24Sept2026 21:48:47.775] [Render thread/WARN] [net.minecraft.server.MinecraftServer/]: Missing data pack tests
[24Sept2026 21:48:48.378] [Render thread/INFO] [net.minecraft.world.item.crafting.RecipeManager/]: Loaded 1515 recipes
[24Sept2026 21:48:48.388] [Render thread/INFO] [net.minecraft.advancements.AdvancementTree/]: Loaded 1617 advancements
[24Sept2026 21:48:48.389] [Render thread/INFO] [net.neoforged.neoforge.common.crafting.RecipePriorityManager/]: Loaded 0 recipe priority overrides
[24Sept2026 21:48:50.223] [Server thread/INFO] [net.minecraft.client.server.IntegratedServer/]: Starting integrated minecraft server version 26.1.1
[24Sept2026 21:48:50.223] [Server thread/INFO] [net.minecraft.server.MinecraftServer/]: Generating keypair
[24Sept2026 21:48:50.540] [Server thread/INFO] [net.minecraft.server.level.progress.LoggingLevelLoadListener/]: Selecting global world spawn...
[24Sept2026 21:48:52.345] [Server thread/INFO] [net.minecraft.server.level.progress.LoggingLevelLoadListener/]: Loading 0 persistent chunks...
[24Sept2026 21:48:52.346] [Server thread/INFO] [net.minecraft.server.level.progress.LoggingLevelLoadListener/]: Preparing spawn area: 16%
[24Sept2026 21:48:52.346] [Server thread/INFO] [net.minecraft.server.MinecraftServer/]: Saving chunks for level 'ServerLevel[New World]'/minecraft:overworld
[24Sept2026 21:48:52.498] [Server thread/INFO] [net.minecraft.server.MinecraftServer/]: Saving chunks for level 'ServerLevel[New World]'/minecraft:the_nether
[24Sept2026 21:48:52.637] [Server thread/INFO] [net.minecraft.server.MinecraftServer/]: Saving chunks for level 'ServerLevel[New World]'/minecraft:the_end
[24Sept2026 21:48:53.154] [Server thread/INFO] [net.minecraft.server.MinecraftServer/]: ThreadedAnvilChunkStorage (world): All chunks are saved
[24Sept2026 21:48:53.154] [Server thread/INFO] [net.minecraft.server.MinecraftServer/]: ThreadedAnvilChunkStorage (DIM-1): All chunks are saved
[24Sept2026 21:48:53.154] [Server thread/INFO] [net.minecraft.server.MinecraftServer/]: ThreadedAnvilChunkStorage (DIM1): All chunks are saved
[24Sept2026 21:48:53.154] [Server thread/INFO] [net.minecraft.server.MinecraftServer/]: ThreadedAnvilChunkStorage: All dimensions are saved
[24Sept2026 21:48:53.158] [Server thread/INFO] [net.neoforged.neoforge.server.permission.PermissionAPI/]: Successfully initialized permission handler neoforge:default_handler
[24Sept2026 21:48:53.525] [Server thread/INFO] [net.minecraft.server.level.progress.LoggingLevelLoadListener/]: Loading 48 chunks for player spawn...
[24Sept2026 21:48:53.525] [Server thread/INFO] [net.minecraft.server.level.progress.LoggingLevelLoadListener/]: Preparing spawn area: 16%
[24Sept2026 21:48:53.559] [Server thread/INFO] [net.minecraft.server.level.progress.LoggingLevelLoadListener/]: Preparing spawn area: 16%
[24Sept2026 21:48:53.609] [Server thread/INFO] [net.minecraft.server.level.progress.LoggingLevelLoadListener/]: Preparing spawn area: 16%
[24Sept2026 21:48:53.660] [Server thread/INFO] [net.minecraft.server.level.progress.LoggingLevelLoadListener/]: Preparing spawn area: 16%
[24Sept2026 21:48:53.709] [Server thread/INFO] [net.minecraft.server.level.progress.LoggingLevelLoadListener/]: Preparing spawn area: 16%
[24Sept2026 21:48:53.759] [Server thread/INFO] [net.minecraft.server.level.progress.LoggingLevelLoadListener/]: Preparing spawn area: 16%
[24Sept2026 21:48:54.059] [Server thread/INFO] [net.minecraft.server.level.progress.LoggingLevelLoadListener/]: Preparing spawn area: 16%
[24Sept2026 21:48:54.559] [Server thread/INFO] [net.minecraft.server.level.progress.LoggingLevelLoadListener/]: Preparing spawn area: 58%
[24Sept2026 21:48:55.059] [Server thread/INFO] [net.minecraft.server.level.progress.LoggingLevelLoadListener/]: Preparing spawn area: 60%
[24Sept2026 21:48:55.109] [Server thread/INFO] [net.minecraft.server.level.progress.LoggingLevelLoadListener/]: Time elapsed: 4568 ms
[24Sept2026 21:48:55.340] [Server thread/INFO] [net.minecraft.server.players.PlayerList/]: Dev[local:E:3e8cd274] logged in with entity id 25 at (-62.5, 79.0, 105.5)
[24Sept2026 21:48:55.387] [Server thread/INFO] [net.minecraft.server.MinecraftServer/]: Dev joined the game
[24Sept2026 21:48:55.474] [Server thread/INFO] [net.minecraft.client.server.IntegratedServer/]: Changing view distance to 16, from 10
[24Sept2026 21:48:55.477] [Server thread/INFO] [net.minecraft.client.server.IntegratedServer/]: Changing simulation distance to 12, from 0
[24Sept2026 21:48:55.501] [Render thread/WARN] [net.minecraft.client.multiplayer.ClientPacketListener/]: Ignoring chat session from Dev due to missing Services public key
[24Sept2026 21:48:55.504] [Render thread/INFO] [net.minecraft.advancements.AdvancementTree/]: Loaded 2 advancements
[24Sept2026 21:48:55.565] [Render thread/INFO] [net.minecraft.client.renderer.DynamicUniformStorage/]: Resizing Dynamic Transforms UBO, capacity limit of 2 reached during a single frame. New capacity will be 4.
[24Sept2026 21:48:55.688] [Render thread/INFO] [net.minecraft.client.renderer.DynamicUniformStorage/]: Resizing Dynamic Transforms UBO, capacity limit of 4 reached during a single frame. New capacity will be 8.
[24Sept2026 21:48:55.757] [Render thread/INFO] [net.minecraft.client.renderer.DynamicUniformStorage/]: Resizing Dynamic Transforms UBO, capacity limit of 8 reached during a single frame. New capacity will be 16.
[24Sept2026 21:48:55.831] [Render thread/INFO] [net.minecraft.client.renderer.DynamicUniformStorage/]: Resizing Chunk Sections UBO, capacity limit of 2 reached during a single frame. New capacity will be 4.
[24Sept2026 21:48:55.863] [Render thread/INFO] [net.minecraft.client.renderer.DynamicUniformStorage/]: Resizing Chunk Sections UBO, capacity limit of 4 reached during a single frame. New capacity will be 8.
[24Sept2026 21:48:55.882] [Render thread/INFO] [net.minecraft.client.renderer.DynamicUniformStorage/]: Resizing Chunk Sections UBO, capacity limit of 8 reached during a single frame. New capacity will be 16.
[24Sept2026 21:48:56.498] [Render thread/INFO] [net.minecraft.client.renderer.DynamicUniformStorage/]: Resizing Chunk Sections UBO, capacity limit of 16 reached during a single frame. New capacity will be 32.
[24Sept2026 21:48:57.059] [Render thread/INFO] [net.minecraft.client.renderer.DynamicUniformStorage/]: Resizing Chunk Sections UBO, capacity limit of 32 reached during a single frame. New capacity will be 64.
[24Sept2026 21:48:58.093] [Render thread/INFO] [net.minecraft.client.renderer.DynamicUniformStorage/]: Resizing Chunk Sections UBO, capacity limit of 64 reached during a single frame. New capacity will be 128.
[24Sept2026 21:49:00.102] [Render thread/INFO] [net.minecraft.client.renderer.DynamicUniformStorage/]: Resizing Chunk Sections UBO, capacity limit of 128 reached during a single frame. New capacity will be 256.
[24Sept2026 21:49:03.891] [Render thread/INFO] [net.minecraft.client.renderer.DynamicUniformStorage/]: Resizing Chunk Sections UBO, capacity limit of 256 reached during a single frame. New capacity will be 512.
[24Sept2026 21:49:05.509] [Server thread/INFO] [net.minecraft.client.server.IntegratedServer/]: Saving and pausing game...
[24Sept2026 21:49:05.560] [Server thread/INFO] [net.minecraft.server.MinecraftServer/]: Saving chunks for level 'ServerLevel[New World]'/minecraft:overworld
[24Sept2026 21:49:05.580] [Server thread/INFO] [net.minecraft.server.MinecraftServer/]: Saving chunks for level 'ServerLevel[New World]'/minecraft:the_nether
[24Sept2026 21:49:05.580] [Server thread/INFO] [net.minecraft.server.MinecraftServer/]: Saving chunks for level 'ServerLevel[New World]'/minecraft:the_end
[24Sept2026 21:49:06.117] [Server thread/INFO] [net.minecraft.server.network.ServerGamePacketListenerImpl/]: Dev lost connection: Disconnected
[24Sept2026 21:49:06.118] [Server thread/INFO] [net.minecraft.server.MinecraftServer/]: Dev left the game
[24Sept2026 21:49:06.246] [Server thread/INFO] [net.minecraft.server.network.ServerCommonPacketListenerImpl/]: Stopping singleplayer server as player logged out
[24Sept2026 21:49:06.272] [Server thread/INFO] [net.minecraft.server.MinecraftServer/]: Stopping server
[24Sept2026 21:49:06.273] [Server thread/INFO] [net.minecraft.server.MinecraftServer/]: Saving players
[24Sept2026 21:49:06.273] [Server thread/INFO] [net.minecraft.server.MinecraftServer/]: Saving worlds
[24Sept2026 21:49:09.591] [Server thread/INFO] [net.minecraft.server.MinecraftServer/]: Saving chunks for level 'ServerLevel[New World]'/minecraft:overworld
[24Sept2026 21:49:10.333] [Server thread/INFO] [net.minecraft.server.MinecraftServer/]: Saving chunks for level 'ServerLevel[New World]'/minecraft:the_nether
[24Sept2026 21:49:10.392] [Server thread/INFO] [net.minecraft.server.MinecraftServer/]: Saving chunks for level 'ServerLevel[New World]'/minecraft:the_end
[24Sept2026 21:49:10.529] [Server thread/INFO] [net.minecraft.server.MinecraftServer/]: ThreadedAnvilChunkStorage (world): All chunks are saved
[24Sept2026 21:49:10.529] [Server thread/INFO] [net.minecraft.server.MinecraftServer/]: ThreadedAnvilChunkStorage (DIM-1): All chunks are saved
[24Sept2026 21:49:10.529] [Server thread/INFO] [net.minecraft.server.MinecraftServer/]: ThreadedAnvilChunkStorage (DIM1): All chunks are saved
[24Sept2026 21:49:10.529] [Server thread/INFO] [net.minecraft.server.MinecraftServer/]: ThreadedAnvilChunkStorage: All dimensions are saved
[24Sept2026 21:49:25.614] [Render thread/INFO] [net.minecraft.client.Minecraft/]: Stopping!
